Reading pref.tcl

# 2025.2

# do D:/ic_design/RISC_V/run_uart_sim.do
# Questa Altera Starter FPGA Edition-64 vmap 2025.2 Lib Mapping Utility 2025.05 May 31 2025
# vmap work work 
# ** Note: (vmap-220) 'C:/altera/25.1std/questa_fse/win64/../modelsim.ini' is used as the ini file.
# Copying C:/altera/25.1std/questa_fse/win64/../modelsim.ini to modelsim.ini
# Modifying modelsim.ini
# D:/ic_design/RISC_V
# Questa Altera Starter FPGA Edition-64 vlog 2025.2 Compiler 2025.05 May 31 2025
# Start time: 15:06:40 on Aug 28,2026
# vlog -work work -sv D:/ic_design/RISC_V/adder.v D:/ic_design/RISC_V/alu.v D:/ic_design/RISC_V/alu_control.v D:/ic_design/RISC_V/clk_div.v D:/ic_design/RISC_V/control_unit.v D:/ic_design/RISC_V/cu.v D:/ic_design/RISC_V/data_mem.v D:/ic_design/RISC_V/imm_ext.v D:/ic_design/RISC_V/instr_mem.v D:/ic_design/RISC_V/mux.v D:/ic_design/RISC_V/pc.v D:/ic_design/RISC_V/reg_file.v D:/ic_design/RISC_V/uart_tx.v D:/ic_design/RISC_V/uart_rx.v D:/ic_design/RISC_V/uart_regs.v D:/ic_design/RISC_V/risc_v.v D:/ic_design/RISC_V/risc_v_uart_tb.v 
# ** Note: (vlog-220) 'modelsim.ini' is used as the ini file.
# -- Compiling module adder
# -- Compiling module adder_tb
# -- Compiling module alu
# -- Compiling module alu_tb
# -- Compiling module alu_control
# -- Compiling module alu_control_tb
# -- Compiling module clk_div
# -- Compiling module clk_div_tb
# -- Compiling module control_unit
# -- Compiling module control_unit_tb
# -- Compiling module cu
# -- Compiling module cu_tb
# -- Compiling module data_mem
# -- Compiling module data_mem_tb
# -- Compiling module imm_ext
# -- Compiling module imm_ext_tb
# -- Compiling module instr_mem
# -- Compiling module mux
# -- Compiling module mux_tb
# -- Compiling module pc
# -- Compiling module pc_tb
# -- Compiling module reg_file
# -- Compiling module reg_file_tb
# -- Compiling module risc_v
# ** Error: (vlog-13069) D:/ic_design/RISC_V/risc_v_uart_tb.v(1): near "EOF": syntax error, unexpected end of source code.
# End time: 15:06:40 on Aug 28,2026, Elapsed time: 0:00:00
# Errors: 1, Warnings: 0
# ** Error: C:/altera/25.1std/questa_fse/win64/vlog failed.
# Error in macro D:\ic_design\RISC_V\run_uart_sim.do line 29
# C:/altera/25.1std/questa_fse/win64/vlog failed.
#     while executing
# "vlog -work work -sv \
#      "$SRC_DIR/adder.v" \
#      "$SRC_DIR/alu.v" \
#      "$SRC_DIR/alu_control.v" \
#      "$SRC_DIR/clk_div.v" \
#      "$SRC_DIR/con..."
Questa> 